
> zaakafhandelapp@1.0.0 build
> NODE_ENV=production webpack --config webpack.config.js --progress

Building zaakafhandelapp 1.0.0 

<s> [webpack.Progress] 0% 

<s> [webpack.Progress] 1% setup before run
<s> [webpack.Progress] 1% setup before run NodeEnvironmentPlugin
<s> [webpack.Progress] 1% setup before run
<s> [webpack.Progress] 2% setup run
<s> [webpack.Progress] 2% setup run webpack-cli
<s> [webpack.Progress] 2% setup run
<s> [webpack.Progress] 4% setup normal module factory
<s> [webpack.Progress] 4% setup normal module factory IgnorePlugin
<s> [webpack.Progress] 4% setup normal module factory
<s> [webpack.Progress] 5% setup context module factory
<s> [webpack.Progress] 5% setup context module factory IgnorePlugin
<s> [webpack.Progress] 5% setup context module factory
<s> [webpack.Progress] 6% setup before compile
<s> [webpack.Progress] 6% setup before compile
<s> [webpack.Progress] 7% setup compile
<s> [webpack.Progress] 7% setup compile ExternalsPlugin
<s> [webpack.Progress] 7% setup compile
<s> [webpack.Progress] 8% setup compilation
<s> [webpack.Progress] 8% setup compilation ArrayPushCallbackChunkFormatPlugin
<s> [webpack.Progress] 8% setup compilation JsonpChunkLoadingPlugin
<s> [webpack.Progress] 8% setup compilation StartupChunkDependenciesPlugin
<s> [webpack.Progress] 8% setup compilation ImportScriptsChunkLoadingPlugin
<s> [webpack.Progress] 8% setup compilation WorkerAndWorkletPlugin
<s> [webpack.Progress] 8% setup compilation SplitChunksPlugin
<s> [webpack.Progress] 8% setup compilation RuntimeChunkPlugin
<s> [webpack.Progress] 8% setup compilation ResolverCachePlugin
<s> [webpack.Progress] 8% setup compilation
<s> [webpack.Progress] 9% setup compilation
<s> [webpack.Progress] 9% setup compilation ProgressPlugin
<s> [webpack.Progress] 9% setup compilation vue-loader-plugin
<s> [webpack.Progress] 9% setup compilation DefinePlugin
<s> [webpack.Progress] 9% setup compilation ProvidePlugin
<s> [webpack.Progress] 9% setup compilation ExternalsPlugin
<s> [webpack.Progress] 9% setup compilation ChunkPrefetchPreloadPlugin
<s> [webpack.Progress] 9% setup compilation ResourceHintPlugin
<s> [webpack.Progress] 9% setup compilation SourceMapDevToolPlugin
<s> [webpack.Progress] 9% setup compilation JavascriptModulesPlugin
<s> [webpack.Progress] 9% setup compilation JsonModulesPlugin
<s> [webpack.Progress] 9% setup compilation AssetModulesPlugin
<s> [webpack.Progress] 9% setup compilation EntryPlugin
<s> [webpack.Progress] 9% setup compilation EntryPlugin
<s> [webpack.Progress] 9% setup compilation EntryPlugin
<s> [webpack.Progress] 9% setup compilation EntryPlugin
<s> [webpack.Progress] 9% setup compilation EntryPlugin
<s> [webpack.Progress] 9% setup compilation EntryPlugin
<s> [webpack.Progress] 9% setup compilation EntryPlugin
<s> [webpack.Progress] 9% setup compilation EntryPlugin
<s> [webpack.Progress] 9% setup compilation RuntimePlugin
<s> [webpack.Progress] 9% setup compilation InferAsyncModulesPlugin
<s> [webpack.Progress] 9% setup compilation DataUriPlugin
<s> [webpack.Progress] 9% setup compilation FileUriPlugin
<s> [webpack.Progress] 9% setup compilation CompatibilityPlugin
<s> [webpack.Progress] 9% setup compilation HarmonyModulesPlugin
<s> [webpack.Progress] 9% setup compilation AMDPlugin
<s> [webpack.Progress] 9% setup compilation RequireJsStuffPlugin
<s> [webpack.Progress] 9% setup compilation CommonJsPlugin
<s> [webpack.Progress] 9% setup compilation LoaderPlugin
<s> [webpack.Progress] 9% setup compilation LoaderPlugin
<s> [webpack.Progress] 9% setup compilation NodeStuffPlugin
<s> [webpack.Progress] 9% setup compilation APIPlugin
<s> [webpack.Progress] 9% setup compilation ExportsInfoApiPlugin
<s> [webpack.Progress] 9% setup compilation WebpackIsIncludedPlugin
<s> [webpack.Progress] 9% setup compilation ConstPlugin
<s> [webpack.Progress] 9% setup compilation UseStrictPlugin
<s> [webpack.Progress] 9% setup compilation RequireIncludePlugin
<s> [webpack.Progress] 9% setup compilation RequireEnsurePlugin
<s> [webpack.Progress] 9% setup compilation RequireContextPlugin
<s> [webpack.Progress] 9% setup compilation ImportPlugin
<s> [webpack.Progress] 9% setup compilation ImportMetaContextPlugin
<s> [webpack.Progress] 9% setup compilation SystemPlugin
<s> [webpack.Progress] 9% setup compilation ImportMetaPlugin
<s> [webpack.Progress] 9% setup compilation URLPlugin
<s> [webpack.Progress] 9% setup compilation DefaultStatsFactoryPlugin
<s> [webpack.Progress] 9% setup compilation DefaultStatsPresetPlugin
<s> [webpack.Progress] 9% setup compilation DefaultStatsPrinterPlugin
<s> [webpack.Progress] 9% setup compilation JavascriptMetaInfoPlugin
<s> [webpack.Progress] 9% setup compilation EnsureChunkConditionsPlugin
<s> [webpack.Progress] 9% setup compilation RemoveEmptyChunksPlugin
<s> [webpack.Progress] 9% setup compilation MergeDuplicateChunksPlugin
<s> [webpack.Progress] 9% setup compilation FlagIncludedChunksPlugin
<s> [webpack.Progress] 9% setup compilation SideEffectsFlagPlugin
<s> [webpack.Progress] 9% setup compilation FlagDependencyExportsPlugin
<s> [webpack.Progress] 9% setup compilation FlagDependencyUsagePlugin
<s> [webpack.Progress] 9% setup compilation InnerGraphPlugin
<s> [webpack.Progress] 9% setup compilation CircularModulesPlugin
<s> [webpack.Progress] 9% setup compilation ConstExportsPlugin
<s> [webpack.Progress] 9% setup compilation MangleExportsPlugin
<s> [webpack.Progress] 9% setup compilation ModuleConcatenationPlugin
<s> [webpack.Progress] 9% setup compilation NoEmitOnErrorsPlugin
<s> [webpack.Progress] 9% setup compilation RealContentHashPlugin
<s> [webpack.Progress] 9% setup compilation WasmFinalizeExportsPlugin
<s> [webpack.Progress] 9% setup compilation DeterministicModuleIdsPlugin
<s> [webpack.Progress] 9% setup compilation NamedChunkIdsPlugin
<s> [webpack.Progress] 9% setup compilation DefinePlugin
<s> [webpack.Progress] 9% setup compilation TerserPlugin
<s> [webpack.Progress] 9% setup compilation TemplatedPathPlugin
<s> [webpack.Progress] 9% setup compilation RecordIdsPlugin
<s> [webpack.Progress] 9% setup compilation WarnCaseSensitiveModulesPlugin
<s> [webpack.Progress] 9% setup compilation
<s> [webpack.Progress] 10% building
<s> [webpack.Progress] 10% building 0/1 entries 0/0 dependencies 0/0 modules
<s> [webpack.Progress] 10% building import loader ./node_modules/babel-loader/lib/index.js
<s> [webpack.Progress] 10% building 0/8 entries 8/8 dependencies 0/8 modules
<s> [webpack.Progress] 10% building import loader ./node_modules/vue-loader/dist/index.js
<s> [webpack.Progress] 10% building 0/8 entries 34/120 dependencies 3/28 modules
<s> [webpack.Progress] 10% building 0/8 entries 127/182 dependencies 3/100 modules
<s> [webpack.Progress] 10% building import loader ./node_modules/vue-loader/dist/pitcher.js
<s> [webpack.Progress] 10% building 0/8 entries 160/182 dependencies 3/115 modules
<s> [webpack.Progress] 10% building import loader ./node_modules/vue-loader/dist/templateLoader.js
<s> [webpack.Progress] 10% building 0/8 entries 160/182 dependencies 3/115 modules
<s> [webpack.Progress] 10% building import loader ./node_modules/style-loader/dist/cjs.js
<s> [webpack.Progress] 10% building import loader ./node_modules/css-loader/dist/cjs.js
<s> [webpack.Progress] 10% building 0/8 entries 160/182 dependencies 3/115 modules
<s> [webpack.Progress] 10% building import loader ./node_modules/vue-loader/dist/stylePostLoader.js
<s> [webpack.Progress] 10% building 0/8 entries 318/374 dependencies 5/228 modules
<s> [webpack.Progress] 10% building 0/8 entries 348/400 dependencies 5/236 modules
<s> [webpack.Progress] 10% building 0/8 entries 600/699 dependencies 24/351 modules
<s> [webpack.Progress] 12% building 0/8 entries 900/1216 dependencies 226/498 modules
<s> [webpack.Progress] 13% building 0/8 entries 1951/2089 dependencies 284/1300 modules
<s> [webpack.Progress] 13% building 0/8 entries 2450/2500 dependencies 362/1526 modules
<s> [webpack.Progress] 14% building 0/8 entries 3500/3778 dependencies 434/1891 modules
<s> [webpack.Progress] 16% building 0/8 entries 4338/4400 dependencies 581/2293 modules
<s> [webpack.Progress] 16% building 0/8 entries 4529/4600 dependencies 621/2381 modules
<s> [webpack.Progress] 17% building 0/8 entries 5800/5872 dependencies 712/3020 modules
<s> [webpack.Progress] 27% building 0/8 entries 6400/6410 dependencies 1555/3213 modules
<s> [webpack.Progress] 30% building 0/8 entries 7024/7100 dependencies 1872/3376 modules
<s> [webpack.Progress] 34% building 0/8 entries 7563/7600 dependencies 2196/3411 modules
<s> [webpack.Progress] 36% building 0/8 entries 8248/8352 dependencies 2400/3734 modules
<s> [webpack.Progress] 42% building 0/8 entries 8600/8618 dependencies 2919/3899 modules
<s> [webpack.Progress] 46% building 0/8 entries 9409/9500 dependencies 3295/4114 modules
<s> [webpack.Progress] 51% building 0/8 entries 10082/10200 dependencies 3776/4289 modules
<s> [webpack.Progress] 59% building 0/8 entries 11022/11076 dependencies 4500/4662 modules
<s> [webpack.Progress] 62% building 1/8 entries 11225/11225 dependencies 4737/4750 modules
<s> [webpack.Progress] 62% building 2/8 entries 11225/11225 dependencies 4738/4750 modules
<s> [webpack.Progress] 62% building 3/8 entries 11225/11225 dependencies 4739/4750 modules
<s> [webpack.Progress] 62% building 4/8 entries 11225/11225 dependencies 4740/4750 modules
<s> [webpack.Progress] 62% building 5/8 entries 11225/11225 dependencies 4741/4750 modules
<s> [webpack.Progress] 62% building 6/8 entries 11225/11225 dependencies 4742/4750 modules
<s> [webpack.Progress] 62% building 7/8 entries 11225/11225 dependencies 4744/4750 modules
<s> [webpack.Progress] 65% building 8/8 entries 11225/11225 dependencies 4750/4750 modules
<s> [webpack.Progress] 65% building
<s> [webpack.Progress] 69% building finish
<s> [webpack.Progress] 69% building finish
<s> [webpack.Progress] 70% sealing finish module graph
<s> [webpack.Progress] 70% sealing finish module graph ResolverCachePlugin
<s> [webpack.Progress] 70% sealing finish module graph InferAsyncModulesPlugin
<s> [webpack.Progress] 70% sealing finish module graph FlagDependencyExportsPlugin
<s> [webpack.Progress] 70% sealing finish module graph InnerGraphPlugin
<s> [webpack.Progress] 70% sealing finish module graph WasmFinalizeExportsPlugin
<s> [webpack.Progress] 70% sealing finish module graph
<s> [webpack.Progress] 70% sealing plugins
<s> [webpack.Progress] 70% sealing plugins WarnCaseSensitiveModulesPlugin
<s> [webpack.Progress] 70% sealing plugins
<s> [webpack.Progress] 71% sealing dependencies optimization
<s> [webpack.Progress] 71% sealing dependencies optimization SideEffectsFlagPlugin
<s> [webpack.Progress] 71% sealing dependencies optimization FlagDependencyUsagePlugin
<s> [webpack.Progress] 71% sealing dependencies optimization ConstExportsPlugin
<s> [webpack.Progress] 71% sealing dependencies optimization
<s> [webpack.Progress] 71% sealing after dependencies optimization
<s> [webpack.Progress] 71% sealing after dependencies optimization
<s> [webpack.Progress] 72% sealing chunk graph
<s> [webpack.Progress] 72% sealing chunk graph
<s> [webpack.Progress] 73% sealing after chunk graph
<s> [webpack.Progress] 73% sealing after chunk graph
<s> [webpack.Progress] 73% sealing optimizing
<s> [webpack.Progress] 73% sealing optimizing
<s> [webpack.Progress] 74% sealing module optimization
<s> [webpack.Progress] 74% sealing module optimization CircularModulesPlugin
<s> [webpack.Progress] 74% sealing module optimization
<s> [webpack.Progress] 75% sealing after module optimization
<s> [webpack.Progress] 75% sealing after module optimization
<s> [webpack.Progress] 75% sealing chunk optimization
<s> [webpack.Progress] 75% sealing chunk optimization EnsureChunkConditionsPlugin
<s> [webpack.Progress] 75% sealing chunk optimization RemoveEmptyChunksPlugin
<s> [webpack.Progress] 75% sealing chunk optimization MergeDuplicateChunksPlugin
<s> [webpack.Progress] 75% sealing chunk optimization SplitChunksPlugin
<s> [webpack.Progress] 75% sealing chunk optimization RemoveEmptyChunksPlugin
<s> [webpack.Progress] 75% sealing chunk optimization
<s> [webpack.Progress] 76% sealing after chunk optimization
<s> [webpack.Progress] 76% sealing after chunk optimization
<s> [webpack.Progress] 77% sealing module and chunk tree optimization
<s> [webpack.Progress] 77% sealing module and chunk tree optimization
<s> [webpack.Progress] 77% sealing after module and chunk tree optimization
<s> [webpack.Progress] 77% sealing after module and chunk tree optimization
<s> [webpack.Progress] 78% sealing chunk modules optimization
<s> [webpack.Progress] 78% sealing chunk modules optimization ModuleConcatenationPlugin
<s> [webpack.Progress] 78% sealing chunk modules optimization
<s> [webpack.Progress] 78% sealing after chunk modules optimization
<s> [webpack.Progress] 78% sealing after chunk modules optimization
<s> [webpack.Progress] 79% sealing module reviving
<s> [webpack.Progress] 79% sealing module reviving RecordIdsPlugin
<s> [webpack.Progress] 79% sealing module reviving
<s> [webpack.Progress] 80% sealing before module ids
<s> [webpack.Progress] 80% sealing before module ids
<s> [webpack.Progress] 80% sealing module ids
<s> [webpack.Progress] 80% sealing module ids DeterministicModuleIdsPlugin
<s> [webpack.Progress] 80% sealing module ids
<s> [webpack.Progress] 81% sealing module id optimization
<s> [webpack.Progress] 81% sealing module id optimization
<s> [webpack.Progress] 82% sealing module id optimization
<s> [webpack.Progress] 82% sealing module id optimization
<s> [webpack.Progress] 82% sealing chunk reviving
<s> [webpack.Progress] 82% sealing chunk reviving RecordIdsPlugin
<s> [webpack.Progress] 82% sealing chunk reviving
<s> [webpack.Progress] 83% sealing before chunk ids
<s> [webpack.Progress] 83% sealing before chunk ids
<s> [webpack.Progress] 84% sealing chunk ids
<s> [webpack.Progress] 84% sealing chunk ids NamedChunkIdsPlugin
<s> [webpack.Progress] 84% sealing chunk ids
<s> [webpack.Progress] 84% sealing chunk id optimization
<s> [webpack.Progress] 84% sealing chunk id optimization FlagIncludedChunksPlugin
<s> [webpack.Progress] 84% sealing chunk id optimization
<s> [webpack.Progress] 85% sealing after chunk id optimization
<s> [webpack.Progress] 85% sealing after chunk id optimization
<s> [webpack.Progress] 86% sealing record modules
<s> [webpack.Progress] 86% sealing record modules RecordIdsPlugin
<s> [webpack.Progress] 86% sealing record modules
<s> [webpack.Progress] 86% sealing record chunks
<s> [webpack.Progress] 86% sealing record chunks RecordIdsPlugin
<s> [webpack.Progress] 86% sealing record chunks
<s> [webpack.Progress] 87% sealing module hashing
<s> [webpack.Progress] 87% sealing module hashing
<s> [webpack.Progress] 87% sealing code generation
<s> [webpack.Progress] 87% sealing code generation
<s> [webpack.Progress] 88% sealing runtime requirements
<s> [webpack.Progress] 88% sealing runtime requirements
<s> [webpack.Progress] 89% sealing hashing
<s> [webpack.Progress] 89% sealing hashing
<s> [webpack.Progress] 89% sealing after hashing
<s> [webpack.Progress] 89% sealing after hashing
<s> [webpack.Progress] 90% sealing record hash
<s> [webpack.Progress] 90% sealing record hash
<s> [webpack.Progress] 91% sealing module assets processing
<s> [webpack.Progress] 91% sealing module assets processing
<s> [webpack.Progress] 91% sealing chunk assets processing
<s> [webpack.Progress] 91% sealing chunk assets processing
<s> [webpack.Progress] 92% sealing asset processing
<s> [webpack.Progress] 92% sealing asset processing TerserPlugin
<s> [webpack.Progress] 92% sealing asset processing SourceMapDevToolPlugin
<s> [webpack.Progress] 92% sealing asset processing SourceMapDevToolPlugin
<s> [webpack.Progress] 92% sealing asset processing SourceMapDevToolPlugin zaakafhandelapp-main.js generate SourceMap
<s> [webpack.Progress] 92% sealing asset processing SourceMapDevToolPlugin zaakafhandelapp-main.js generated SourceMap
<s> [webpack.Progress] 92% sealing asset processing SourceMapDevToolPlugin zaakafhandelapp-settings.js generate SourceMap
<s> [webpack.Progress] 92% sealing asset processing SourceMapDevToolPlugin zaakafhandelapp-settings.js generated SourceMap
<s> [webpack.Progress] 92% sealing asset processing SourceMapDevToolPlugin zaakafhandelapp-zakenWidget.js generate SourceMap
<s> [webpack.Progress] 92% sealing asset processing SourceMapDevToolPlugin zaakafhandelapp-zakenWidget.js generated SourceMap
<s> [webpack.Progress] 92% sealing asset processing SourceMapDevToolPlugin zaakafhandelapp-takenWidget.js generate SourceMap
<s> [webpack.Progress] 92% sealing asset processing SourceMapDevToolPlugin zaakafhandelapp-takenWidget.js generated SourceMap
<s> [webpack.Progress] 92% sealing asset processing SourceMapDevToolPlugin zaakafhandelapp-openZakenWidget.js generate SourceMap
<s> [webpack.Progress] 92% sealing asset processing SourceMapDevToolPlugin zaakafhandelapp-openZakenWidget.js generated SourceMap
<s> [webpack.Progress] 92% sealing asset processing SourceMapDevToolPlugin zaakafhandelapp-contactmomentenWidget.js generate SourceMap
<s> [webpack.Progress] 92% sealing asset processing SourceMapDevToolPlugin zaakafhandelapp-contactmomentenWidget.js generated SourceMap
<s> [webpack.Progress] 92% sealing asset processing SourceMapDevToolPlugin zaakafhandelapp-personenWidget.js generate SourceMap
<s> [webpack.Progress] 92% sealing asset processing SourceMapDevToolPlugin zaakafhandelapp-personenWidget.js generated SourceMap
<s> [webpack.Progress] 92% sealing asset processing SourceMapDevToolPlugin zaakafhandelapp-organisatiesWidget.js generate SourceMap
<s> [webpack.Progress] 92% sealing asset processing SourceMapDevToolPlugin zaakafhandelapp-organisatiesWidget.js generated SourceMap
<s> [webpack.Progress] 92% sealing asset processing SourceMapDevToolPlugin zaakafhandelapp-runtime.js?v=478cf4d6e271f47446aa generate SourceMap
<s> [webpack.Progress] 92% sealing asset processing SourceMapDevToolPlugin zaakafhandelapp-runtime.js?v=478cf4d6e271f47446aa generated SourceMap
<s> [webpack.Progress] 92% sealing asset processing SourceMapDevToolPlugin zaakafhandelapp-data_image_png_base64_iVBORw0KGgoAAAANSUhEUgAAA6QAAAEkCAYAAAA4kPwsAAAAAXNSR0IArs4c6QAAQABJREF-bc006b.js?v=8d49661d45347956916e generate SourceMap
<s> [webpack.Progress] 92% sealing asset processing SourceMapDevToolPlugin zaakafhandelapp-data_image_png_base64_iVBORw0KGgoAAAANSUhEUgAAA6QAAAEkCAYAAAA4kPwsAAAAAXNSR0IArs4c6QAAQABJREF-bc006b.js?v=8d49661d45347956916e generated SourceMap
<s> [webpack.Progress] 92% sealing asset processing SourceMapDevToolPlugin zaakafhandelapp-shared-nc-vue.js generate SourceMap
<s> [webpack.Progress] 92% sealing asset processing SourceMapDevToolPlugin zaakafhandelapp-shared-nc-vue.js generated SourceMap
<s> [webpack.Progress] 92% sealing asset processing SourceMapDevToolPlugin zaakafhandelapp-shared-vendor.js generate SourceMap
<s> [webpack.Progress] 92% sealing asset processing SourceMapDevToolPlugin zaakafhandelapp-shared-vendor.js generated SourceMap
<s> [webpack.Progress] 92% sealing asset processing SourceMapDevToolPlugin resolve sources
<s> [webpack.Progress] 92% sealing asset processing SourceMapDevToolPlugin zaakafhandelapp-main.js attach SourceMap
<s> [webpack.Progress] 92% sealing asset processing SourceMapDevToolPlugin zaakafhandelapp-main.js attached SourceMap
<s> [webpack.Progress] 92% sealing asset processing SourceMapDevToolPlugin zaakafhandelapp-settings.js attach SourceMap
<s> [webpack.Progress] 92% sealing asset processing SourceMapDevToolPlugin zaakafhandelapp-settings.js attached SourceMap
<s> [webpack.Progress] 92% sealing asset processing SourceMapDevToolPlugin zaakafhandelapp-zakenWidget.js attach SourceMap
<s> [webpack.Progress] 92% sealing asset processing SourceMapDevToolPlugin zaakafhandelapp-zakenWidget.js attached SourceMap
<s> [webpack.Progress] 92% sealing asset processing SourceMapDevToolPlugin zaakafhandelapp-takenWidget.js attach SourceMap
<s> [webpack.Progress] 92% sealing asset processing SourceMapDevToolPlugin zaakafhandelapp-takenWidget.js attached SourceMap
<s> [webpack.Progress] 92% sealing asset processing SourceMapDevToolPlugin zaakafhandelapp-openZakenWidget.js attach SourceMap
<s> [webpack.Progress] 92% sealing asset processing SourceMapDevToolPlugin zaakafhandelapp-openZakenWidget.js attached SourceMap
<s> [webpack.Progress] 92% sealing asset processing SourceMapDevToolPlugin zaakafhandelapp-contactmomentenWidget.js attach SourceMap
<s> [webpack.Progress] 92% sealing asset processing SourceMapDevToolPlugin zaakafhandelapp-contactmomentenWidget.js attached SourceMap
<s> [webpack.Progress] 92% sealing asset processing SourceMapDevToolPlugin zaakafhandelapp-personenWidget.js attach SourceMap
<s> [webpack.Progress] 92% sealing asset processing SourceMapDevToolPlugin zaakafhandelapp-personenWidget.js attached SourceMap
<s> [webpack.Progress] 92% sealing asset processing SourceMapDevToolPlugin zaakafhandelapp-organisatiesWidget.js attach SourceMap
<s> [webpack.Progress] 92% sealing asset processing SourceMapDevToolPlugin zaakafhandelapp-organisatiesWidget.js attached SourceMap
<s> [webpack.Progress] 92% sealing asset processing SourceMapDevToolPlugin zaakafhandelapp-runtime.js?v=478cf4d6e271f47446aa attach SourceMap
<s> [webpack.Progress] 92% sealing asset processing SourceMapDevToolPlugin zaakafhandelapp-runtime.js?v=478cf4d6e271f47446aa attached SourceMap
<s> [webpack.Progress] 92% sealing asset processing SourceMapDevToolPlugin zaakafhandelapp-shared-nc-vue.js attach SourceMap
<s> [webpack.Progress] 92% sealing asset processing SourceMapDevToolPlugin zaakafhandelapp-shared-nc-vue.js attached SourceMap
<s> [webpack.Progress] 92% sealing asset processing SourceMapDevToolPlugin zaakafhandelapp-shared-vendor.js attach SourceMap
<s> [webpack.Progress] 92% sealing asset processing SourceMapDevToolPlugin zaakafhandelapp-shared-vendor.js attached SourceMap
<s> [webpack.Progress] 92% sealing asset processing SourceMapDevToolPlugin
<s> [webpack.Progress] 92% sealing asset processing SourceMapDevToolPlugin
<s> [webpack.Progress] 92% sealing asset processing SourceMapDevToolPlugin resolve sources
<s> [webpack.Progress] 92% sealing asset processing SourceMapDevToolPlugin
<s> [webpack.Progress] 92% sealing asset processing RealContentHashPlugin
<s> [webpack.Progress] 92% sealing asset processing RealContentHashPlugin
<s> [webpack.Progress] 92% sealing asset processing RealContentHashPlugin zaakafhandelapp-data_image_png_base64_iVBORw0KGgoAAAANSUhEUgAAA6QAAAEkCAYAAAA4kPwsAAAAAXNSR0IArs4c6QAAQABJREF-bc006b.js?v=cf982601b4caccae763e generate SourceMap
<s> [webpack.Progress] 92% sealing asset processing RealContentHashPlugin zaakafhandelapp-data_image_png_base64_iVBORw0KGgoAAAANSUhEUgAAA6QAAAEkCAYAAAA4kPwsAAAAAXNSR0IArs4c6QAAQABJREF-bc006b.js?v=cf982601b4caccae763e generated SourceMap
<s> [webpack.Progress] 92% sealing asset processing RealContentHashPlugin zaakafhandelapp-runtime.js?v=52f576bbadd4aeaecba0 generate SourceMap
<s> [webpack.Progress] 92% sealing asset processing RealContentHashPlugin zaakafhandelapp-runtime.js?v=52f576bbadd4aeaecba0 generated SourceMap
<s> [webpack.Progress] 92% sealing asset processing RealContentHashPlugin resolve sources
<s> [webpack.Progress] 92% sealing asset processing RealContentHashPlugin
<s> [webpack.Progress] 92% sealing asset processing
<s> [webpack.Progress] 93% sealing after asset optimization
<s> [webpack.Progress] 93% sealing after asset optimization
<s> [webpack.Progress] 93% sealing recording
<s> [webpack.Progress] 93% sealing recording
<s> [webpack.Progress] 94% sealing after seal
<s> [webpack.Progress] 94% sealing after seal
<s> [webpack.Progress] 95% emitting emit
<s> [webpack.Progress] 95% emitting emit CleanPlugin
<s> [webpack.Progress] 95% emitting emit
<s> [webpack.Progress] 98% emitting after emit
<s> [webpack.Progress] 98% emitting after emit SizeLimitsPlugin
<s> [webpack.Progress] 98% emitting after emit
<s> [webpack.Progress] 99% done plugins
<s> [webpack.Progress] 99% done plugins
<s> [webpack.Progress] 99% 

<s> [webpack.Progress] 99% cache store build dependencies
<s> [webpack.Progress] 99% cache store build dependencies
<s> [webpack.Progress] 99% cache begin idle
<s> [webpack.Progress] 99% cache begin idle
<s> [webpack.Progress] 100% 

<s> [webpack.Progress] 99% cache shutdown
<s> [webpack.Progress] 99% cache shutdown
<s> [webpack.Progress] 100% 

assets by status [1m[33m18.4 MiB[39m[22m [1m[33m[big][39m[22m
  asset [1m[33mzaakafhandelapp-shared-nc-vue.js[39m[22m [1m[33m10.2 MiB[39m[22m [1m[32m[emitted][39m[22m [1m[32m[minimized][39m[22m [1m[33m[big][39m[22m (name: zaakafhandelapp-shared-nc-vue) (id hint: ncVue) 2 related assets
  asset [1m[33mzaakafhandelapp-shared-vendor.js[39m[22m [1m[33m6.75 MiB[39m[22m [1m[32m[emitted][39m[22m [1m[32m[minimized][39m[22m [1m[33m[big][39m[22m (name: zaakafhandelapp-shared-vendor) (id hint: vendor) 2 related assets
  asset [1m[33mzaakafhandelapp-main.js[39m[22m [1m[33m673 KiB[39m[22m [1m[32m[emitted][39m[22m [1m[32m[minimized][39m[22m [1m[33m[big][39m[22m (name: main) 1 related asset
  asset [1m[33mzaakafhandelapp-personenWidget.js[39m[22m [1m[33m402 KiB[39m[22m [1m[32m[emitted][39m[22m [1m[32m[minimized][39m[22m [1m[33m[big][39m[22m (name: personenWidget) 1 related asset
  asset [1m[33mzaakafhandelapp-contactmomentenWidget.js[39m[22m [1m[33m354 KiB[39m[22m [1m[32m[emitted][39m[22m [1m[32m[minimized][39m[22m [1m[33m[big][39m[22m (name: contactmomentenWidget) 1 related asset
assets by info 109 KiB [1m[32m[immutable][39m[22m
  asset [1m[32mzaakafhandelapp-data_image_png_base64_iVBORw0KGgoAAAANSUhEUgAAA6QAAAEkCAYAAAA4kPwsAAAAAXNSR0IArs4c6QAAQABJREF-bc006b.js?v=cf982601b4caccae763e[39m[22m 105 KiB [1m[32m[emitted][39m[22m [1m[32m[immutable][39m[22m [1m[32m[minimized][39m[22m
  asset [1m[32mzaakafhandelapp-runtime.js?v=52f576bbadd4aeaecba0[39m[22m 4.17 KiB [1m[32m[emitted][39m[22m [1m[32m[immutable][39m[22m [1m[32m[minimized][39m[22m (name: runtime) 1 related asset
asset [1m[32mzaakafhandelapp-organisatiesWidget.js[39m[22m 197 KiB [1m[32m[emitted][39m[22m [1m[32m[minimized][39m[22m (name: organisatiesWidget) 1 related asset
asset [1m[32mzaakafhandelapp-takenWidget.js[39m[22m 152 KiB [1m[32m[emitted][39m[22m [1m[32m[minimized][39m[22m (name: takenWidget) 1 related asset
asset [1m[32mzaakafhandelapp-zakenWidget.js[39m[22m 72.8 KiB [1m[32m[emitted][39m[22m [1m[32m[minimized][39m[22m (name: zakenWidget) 1 related asset
asset [1m[32mzaakafhandelapp-settings.js[39m[22m 68.1 KiB [1m[32m[emitted][39m[22m [1m[32m[minimized][39m[22m (name: adminSettings) 1 related asset
asset [1m[32mzaakafhandelapp-openZakenWidget.js[39m[22m 51.7 KiB [1m[32m[emitted][39m[22m [1m[32m[minimized][39m[22m (name: openZakenWidget) 1 related asset

[1m[33mWARNING[39m[22m in [1masset size limit: The following asset(s) exceed the recommended size limit (244 KiB).
This can impact web performance.
Assets: 
  zaakafhandelapp-main.js (673 KiB)
  zaakafhandelapp-contactmomentenWidget.js (354 KiB)
  zaakafhandelapp-personenWidget.js (402 KiB)
  zaakafhandelapp-shared-nc-vue.js (10.2 MiB)
  zaakafhandelapp-shared-vendor.js (6.75 MiB)[39m[22m

[1m[33mWARNING[39m[22m in [1mentrypoint size limit: The following entrypoint(s) combined asset size exceeds the recommended limit (244 KiB). This can impact web performance.
Entrypoints:
  main (17.6 MiB)
      zaakafhandelapp-runtime.js?v=52f576bbadd4aeaecba0
      zaakafhandelapp-shared-nc-vue.js
      zaakafhandelapp-shared-vendor.js
      zaakafhandelapp-main.js
  adminSettings (17 MiB)
      zaakafhandelapp-runtime.js?v=52f576bbadd4aeaecba0
      zaakafhandelapp-shared-nc-vue.js
      zaakafhandelapp-shared-vendor.js
      zaakafhandelapp-settings.js
  zakenWidget (17.1 MiB)
      zaakafhandelapp-runtime.js?v=52f576bbadd4aeaecba0
      zaakafhandelapp-shared-nc-vue.js
      zaakafhandelapp-shared-vendor.js
      zaakafhandelapp-zakenWidget.js
  takenWidget (17.1 MiB)
      zaakafhandelapp-runtime.js?v=52f576bbadd4aeaecba0
      zaakafhandelapp-shared-nc-vue.js
      zaakafhandelapp-shared-vendor.js
      zaakafhandelapp-takenWidget.js
  openZakenWidget (17 MiB)
      zaakafhandelapp-runtime.js?v=52f576bbadd4aeaecba0
      zaakafhandelapp-shared-nc-vue.js
      zaakafhandelapp-shared-vendor.js
      zaakafhandelapp-openZakenWidget.js
  contactmomentenWidget (17.3 MiB)
      zaakafhandelapp-runtime.js?v=52f576bbadd4aeaecba0
      zaakafhandelapp-shared-nc-vue.js
      zaakafhandelapp-shared-vendor.js
      zaakafhandelapp-contactmomentenWidget.js
  personenWidget (17.4 MiB)
      zaakafhandelapp-runtime.js?v=52f576bbadd4aeaecba0
      zaakafhandelapp-shared-nc-vue.js
      zaakafhandelapp-shared-vendor.js
      zaakafhandelapp-personenWidget.js
  organisatiesWidget (17.2 MiB)
      zaakafhandelapp-runtime.js?v=52f576bbadd4aeaecba0
      zaakafhandelapp-shared-nc-vue.js
      zaakafhandelapp-shared-vendor.js
      zaakafhandelapp-organisatiesWidget.js
[39m[22m

webpack 5.109.2 compiled with [1m[33m2 warnings[39m[22m in 64167 ms
